
> ai-resume-builder@0.1.0 build
> next build

   Γû▓ Next.js 15.5.18
   - Environments: .env.local

   Creating an optimized production build ...
 Γ£ô Compiled successfully in 8.0s
   Linting and checking validity of types ...

./src/app/create/page.tsx
6:8  Warning: 'Link' is defined but never used.  @typescript-eslint/no-unused-vars

./src/app/gap-analysis/analysis/page.tsx
7:3  Warning: 'ArrowRight' is defined but never used.  @typescript-eslint/no-unused-vars
8:3  Warning: 'BadgeCheck' is defined but never used.  @typescript-eslint/no-unused-vars
13:3  Warning: 'ChevronDown' is defined but never used.  @typescript-eslint/no-unused-vars
14:3  Warning: 'ChevronUp' is defined but never used.  @typescript-eslint/no-unused-vars
26:15  Warning: 'ResumeData' is defined but never used.  @typescript-eslint/no-unused-vars
27:8  Warning: 'Link' is defined but never used.  @typescript-eslint/no-unused-vars
73:10  Warning: 'platformUrl' is defined but never used.  @typescript-eslint/no-unused-vars
92:7  Warning: 'resourceIcon' is assigned a value but never used.  @typescript-eslint/no-unused-vars
100:7  Warning: 'importanceColor' is assigned a value but never used.  @typescript-eslint/no-unused-vars
106:7  Warning: 'categoryIcon' is assigned a value but never used.  @typescript-eslint/no-unused-vars
121:10  Warning: 'result' is assigned a value but never used.  @typescript-eslint/no-unused-vars
127:10  Warning: 'gapStatus' is assigned a value but never used.  @typescript-eslint/no-unused-vars
128:10  Warning: 'expandedResources' is assigned a value but never used.  @typescript-eslint/no-unused-vars
190:12  Warning: 'setStatus' is defined but never used.  @typescript-eslint/no-unused-vars
195:12  Warning: 'toggleResources' is defined but never used.  @typescript-eslint/no-unused-vars

./src/app/gap-analysis/layout.tsx
3:8  Warning: 'Link' is defined but never used.  @typescript-eslint/no-unused-vars
4:8  Warning: 'MobileNav' is defined but never used.  @typescript-eslint/no-unused-vars
6:10  Warning: 'FileText' is defined but never used.  @typescript-eslint/no-unused-vars
12:9  Warning: 'pathname' is assigned a value but never used.  @typescript-eslint/no-unused-vars

./src/app/gap-analysis/page.tsx
154:10  Warning: 'GapCard' is defined but never used.  @typescript-eslint/no-unused-vars

./src/app/terms/page.tsx
3:10  Warning: 'SiteHeader' is defined but never used.  @typescript-eslint/no-unused-vars
4:10  Warning: 'SiteFooter' is defined but never used.  @typescript-eslint/no-unused-vars

./src/app/thumbnail-capture/layout.tsx
14:8  Warning: Unused eslint-disable directive (no problems were reported from 'react/no-unknown-property').

./src/components/templates/NovaTemplate.tsx
39:9  Warning: 'initials' is assigned a value but never used.  @typescript-eslint/no-unused-vars

./src/components/templates/PrismTemplate.tsx
15:9  Warning: 'initials' is assigned a value but never used.  @typescript-eslint/no-unused-vars

./src/components/templates/SlateTemplate.tsx
12:9  Warning: 'initials' is assigned a value but never used.  @typescript-eslint/no-unused-vars

info  - Need to disable some ESLint rules? Learn more here: https://nextjs.org/docs/app/api-reference/config/eslint#disabling-rules
   Collecting page data ...
   Generating static pages (0/26) ...
   Generating static pages (6/26) 
   Generating static pages (12/26) 
   Generating static pages (19/26) 
 Γ£ô Generating static pages (26/26)
   Finalizing page optimization ...
   Collecting build traces ...

Route (app)                                 Size  First Load JS
Γöî Γùï /                                    2.75 kB         109 kB
Γö£ Γùï /_not-found                            993 B         104 kB
Γö£ ╞Æ /api/export/docx                       152 B         103 kB
Γö£ ╞Æ /api/export/pdf                        152 B         103 kB
Γö£ ╞Æ /api/export/session                    152 B         103 kB
Γö£ ╞Æ /api/gap-analysis                      152 B         103 kB
Γö£ ╞Æ /api/generate                          152 B         103 kB
Γö£ ╞Æ /api/intelligence                      152 B         103 kB
Γö£ ╞Æ /api/parse                             152 B         103 kB
Γö£ ╞Æ /api/tailor                            152 B         103 kB
Γö£ ╞Æ /api/templates                         152 B         103 kB
Γö£ ╞Æ /api/templates/recommend               152 B         103 kB
Γö£ ╞Æ /api/user/templates/select             152 B         103 kB
Γö£ Γùï /create                              12.8 kB         131 kB
Γö£ Γùï /gap-analysis                        4.44 kB         113 kB
Γö£ Γùï /gap-analysis/analysis               6.57 kB         111 kB
Γö£ ╞Æ /print/resume/[id]                   4.42 kB         118 kB
Γö£ Γùï /privacy                               164 B         106 kB
Γö£ Γùï /terms                                 164 B         106 kB
Γöö ΓùÅ /thumbnail-capture/[id]              1.39 kB         115 kB
    Γö£ /thumbnail-capture/modern
    Γö£ /thumbnail-capture/classic
    Γö£ /thumbnail-capture/creative
    Γöö [+9 more paths]
+ First Load JS shared by all             103 kB
  Γö£ chunks/255-85b5d778004b784d.js       46.1 kB
  Γö£ chunks/4bd1b696-c023c6e3521b1417.js  54.2 kB
  Γöö other shared chunks (total)          2.19 kB


Γùï  (Static)   prerendered as static content
ΓùÅ  (SSG)      prerendered as static HTML (uses generateStaticParams)
╞Æ  (Dynamic)  server-rendered on demand

